[2025-07-01T23:16:54.350Z] [INFO] 🚀 Iniciando ejercicio 2 - Logger personalizado
[2025-07-01T23:16:54.447Z] [INFO] ✅ Cron job con logger iniciado
[2025-07-01T23:17:00.060Z] [INFO] ⏰ Tarea ejecutándose cada 30 segundos
[2025-07-01T23:17:00.063Z] [INFO] ℹ️ Operación normal. Número: 53
[2025-07-01T23:17:30.046Z] [INFO] ⏰ Tarea ejecutándose cada 30 segundos
[2025-07-01T23:17:30.048Z] [INFO] ℹ️ Operación normal. Número: 38
[2025-07-01T23:18:00.024Z] [INFO] ⏰ Tarea ejecutándose cada 30 segundos
[2025-07-01T23:18:00.026Z] [SUCCESS] ✅ Operación exitosa! Número generado: 80
[2025-07-01T23:18:30.024Z] [INFO] ⏰ Tarea ejecutándose cada 30 segundos
[2025-07-01T23:18:30.027Z] [INFO] ℹ️ Operación normal. Número: 49
[2025-07-01T23:18:33.628Z] [INFO] 🛑 Deteniendo aplicación...
[2025-07-01T23:18:36.222Z] [INFO] 🚀 Iniciando servicio de respaldos automáticos
[2025-07-01T23:18:36.308Z] [INFO] ✅ Servicio de respaldos iniciado (cada 2 minutos)
[2025-07-01T23:18:41.310Z] [INFO] 🔄 Creando respaldo inicial...
[2025-07-01T23:18:41.313Z] [INFO] 📦 Iniciando proceso de respaldo...
[2025-07-01T23:18:41.317Z] [SUCCESS] ✅ Respaldo creado exitosamente: backup-2025-07-01T23-18-41-315Z.json
[2025-07-01T23:19:51.395Z] [INFO] 🛑 Deteniendo servicio de respaldos...
[2025-07-01T23:20:02.993Z] [INFO] 🚀 Iniciando monitor de sistema
[2025-07-01T23:20:03.086Z] [INFO] ✅ Monitor de sistema iniciado (reporte cada 5 minutos)
[2025-07-01T23:20:28.651Z] [INFO] 🚀 Iniciando monitor de sistema
[2025-07-01T23:20:28.745Z] [INFO] ✅ Monitor de sistema iniciado (reporte cada 5 minutos)
[2025-07-01T23:20:31.747Z] [INFO] 🔄 Generando reporte inicial del sistema...
[2025-07-01T23:20:31.750Z] [INFO] 📊 Generando reporte del sistema...
[2025-07-01T23:20:31.769Z] [SUCCESS] ✅ Reporte del sistema actualizado: system-report-2025-07-01.json
[2025-07-01T23:20:31.776Z] [INFO] 📈 Resumen del Sistema:
   💾 Memoria: 84.46% utilizada
   🖥️  CPU: 4 núcleos
   ⏱️  Uptime Sistema: 74h 7m
   🔄 Uptime Proceso: 0m 3s
[2025-07-01T23:25:00.027Z] [INFO] 📊 Generando reporte del sistema...
[2025-07-01T23:25:00.053Z] [SUCCESS] ✅ Reporte del sistema actualizado: system-report-2025-07-01.json
[2025-07-01T23:25:00.079Z] [INFO] 📈 Resumen del Sistema:
   💾 Memoria: 79.70% utilizada
   🖥️  CPU: 4 núcleos
   ⏱️  Uptime Sistema: 74h 11m
   🔄 Uptime Proceso: 4m 31s
[2025-07-01T23:27:06.021Z] [INFO] 🛑 Deteniendo monitor de sistema...
